// Jest Snapshot v1, https://goo.gl/fbAQLP

exports[`MainApp should render successfully 1`] = `
<Fragment>
  <PollOptions
    store={PollStore {}}
  />
  <PollVote
    store={PollStore {}}
  />
  <PollStats
    store={PollStore {}}
  />
</Fragment>
`;
