// Jest Snapshot v1, https://goo.gl/fbAQLP

exports[`AppHeader should render properly 1`] = `
<div
  className="header"
>
  Poll App
</div>
`;
