// Jest Snapshot v1, https://goo.gl/fbAQLP

exports[`Chart should render successfully 1`] = `
<BarChart
  barCategoryGap="10%"
  barGap={4}
  data={Array []}
  height={450}
  layout="horizontal"
  margin={
    Object {
      "bottom": 5,
      "left": 5,
      "right": 5,
      "top": 5,
    }
  }
  reverseStackOrder={false}
  stackOffset="none"
  width={480}
>
  <CartesianGrid
    fill="none"
    horizontal={true}
    horizontalFill={Array []}
    horizontalPoints={Array []}
    stroke="#ccc"
    strokeDasharray="3 3"
    vertical={true}
    verticalFill={Array []}
    verticalPoints={Array []}
  />
  <XAxis
    allowDataOverflow={false}
    allowDecimals={true}
    allowDuplicatedCategory={true}
    dataKey="name"
    domain={
      Array [
        0,
        "auto",
      ]
    }
    height={30}
    hide={false}
    mirror={false}
    orientation="bottom"
    padding={
      Object {
        "left": 0,
        "right": 0,
      }
    }
    reversed={false}
    scale="auto"
    tickCount={5}
    type="category"
    width={0}
    xAxisId={0}
  />
  <YAxis
    allowDataOverflow={false}
    allowDecimals={false}
    allowDuplicatedCategory={true}
    dataKey="value"
    domain={
      Array [
        0,
        "auto",
      ]
    }
    height={0}
    hide={false}
    mirror={false}
    orientation="left"
    padding={
      Object {
        "bottom": 0,
        "top": 0,
      }
    }
    reversed={false}
    scale="auto"
    tickCount={5}
    type="number"
    width={60}
    yAxisId={0}
  />
  <Tooltip
    active={false}
    allowEscapeViewBox={
      Object {
        "x": false,
        "y": false,
      }
    }
    animationDuration={400}
    animationEasing="ease"
    contentStyle={Object {}}
    coordinate={
      Object {
        "x": 0,
        "y": 0,
      }
    }
    cursor={true}
    cursorStyle={Object {}}
    filterNull={true}
    isAnimationActive={true}
    itemStyle={Object {}}
    labelStyle={Object {}}
    offset={10}
    separator=" : "
    useTranslate3d={false}
    viewBox={
      Object {
        "x1": 0,
        "x2": 0,
        "y1": 0,
        "y2": 0,
      }
    }
    wrapperStyle={Object {}}
  />
  <Bar
    animationBegin={0}
    animationDuration={400}
    animationEasing="ease"
    data={Array []}
    dataKey="value"
    fill="#8884d8"
    hide={false}
    isAnimationActive={true}
    layout="vertical"
    legendType="rect"
    minPointSize={0}
    onAnimationEnd={[Function]}
    onAnimationStart={[Function]}
    xAxisId={0}
    yAxisId={0}
  />
</BarChart>
`;
